<?xml version="1.0" ?>
<!-- =================================================================================== -->
<!-- |    This document was autogenerated by xacro from inputs/complex.xml.xacro       | -->
<!-- |    EDITING THIS FILE BY HAND IS NOT RECOMMENDED                                 | -->
<!-- =================================================================================== -->
<root>
  <sphere radius="1.0"/>
  <deeply>
    <nested>
      <tag/>
    </nested>
  </deeply>
  <!-- populate an argument from command line -->
  <sphere name="foo" radius="1"/>
</root>
